BL51 BANKED LINKER/LOCATER V6.22              02/27/2023  16:10:32  PAGE 1


BL51 BANKED LINKER/LOCATER V6.22, INVOKED BY:
D:\KEIL\C51\BIN\BL51.EXE C:\Users\ATi's lenovo\Desktop\Ñ§Ï°ÈÎÎñ\Î¢»ú¿ÎÉè\Êý×ÖÏ
>> µÍ³Óë½Ó¿Ú½ÌÑ§ÊµÑµÆ½Ì¨v3.1\Êý×ÖÏµÍ³Óë½Ó¿Ú½ÌÑ§ÊµÑµÆ½Ì¨v3.0\±ÜÕÏv3.0\LCD_12864
>> .obj, C:\Users\ATi's lenovo\Desktop\Ñ§Ï°ÈÎÎñ\Î¢»ú¿ÎÉè\Êý×ÖÏµÍ³Óë½Ó¿Ú½ÌÑ§ÊµÑ
>> µÆ½Ì¨v3.1\Êý×ÖÏµÍ³Óë½Ó¿Ú½ÌÑ§ÊµÑµÆ½Ì¨v3.0\±ÜÕÏv3.0\pwm_c.obj, C:\Users\ATi's
>>  lenovo\Desktop\Ñ§Ï°ÈÎÎñ\Î¢»ú¿ÎÉè\Êý×ÖÏµÍ³Óë½Ó¿Ú½ÌÑ§ÊµÑµÆ½Ì¨v3.1\Êý×ÖÏµÍ³Óë
>> ½Ó¿Ú½ÌÑ§ÊµÑµÆ½Ì¨v3.0\±ÜÕÏv3.0\Sensor_AD.obj, C:\Users\ATi's lenovo\Desktop\
>> Ñ§Ï°ÈÎÎñ\Î¢»ú¿ÎÉè\Êý×ÖÏµÍ³Óë½Ó¿Ú½ÌÑ§ÊµÑµÆ½Ì¨v3.1\Êý×ÖÏµÍ³Óë½Ó¿Ú½ÌÑ§ÊµÑµÆ½Ì¨
>> v3.0\±ÜÕÏv3.0\SystemInit.obj, C:\Users\ATi's lenovo\Desktop\Ñ§Ï°ÈÎÎñ\Î¢»ú¿Î
>> Éè\Êý×ÖÏµÍ³Óë½Ó¿Ú½ÌÑ§ÊµÑµÆ½Ì¨v3.1\Êý×ÖÏµÍ³Óë½Ó¿Ú½ÌÑ§ÊµÑµÆ½Ì¨v3.0\±ÜÕÏv3.0\A
>> PP_main.obj, C:\Users\ATi's lenovo\Desktop\Ñ§Ï°ÈÎÎñ\Î¢»ú¿ÎÉè\Êý×ÖÏµÍ³Óë½Ó¿Ú
>> ½ÌÑ§ÊµÑµÆ½Ì¨v3.1\Êý×ÖÏµÍ³Óë½Ó¿Ú½ÌÑ§ÊµÑµÆ½Ì¨v3.0\±ÜÕÏv3.0\Pin_Config.obj TO 
>> C:\Users\ATi's lenovo\Desktop\Ñ§Ï°ÈÎÎñ\Î¢»ú¿ÎÉè\Êý×ÖÏµÍ³Óë½Ó¿Ú½ÌÑ§ÊµÑµÆ½Ì¨v
>> 3.1\Êý×ÖÏµÍ³Óë½Ó¿Ú½ÌÑ§ÊµÑµÆ½Ì¨v3.0\±ÜÕÏv3.0\SmartCar RS (256) PL (68) PW (7
>> 8)


MEMORY MODEL: LARGE WITH FLOATING POINT ARITHMETIC


INPUT MODULES INCLUDED:
  C:\Users\ATi's lenovo\Desktop\Ñ§Ï°ÈÎÎñ\Î¢»ú¿ÎÉè\Êý×ÖÏµÍ³Óë½Ó¿Ú½ÌÑ§ÊµÑµÆ½Ì¨v3
>> .1\Êý×ÖÏµÍ³Óë½Ó¿Ú½ÌÑ§ÊµÑµÆ½Ì¨v3.0\±ÜÕÏv3.0\LCD_12864.obj (LCD_12864)
  C:\Users\ATi's lenovo\Desktop\Ñ§Ï°ÈÎÎñ\Î¢»ú¿ÎÉè\Êý×ÖÏµÍ³Óë½Ó¿Ú½ÌÑ§ÊµÑµÆ½Ì¨v3
>> .1\Êý×ÖÏµÍ³Óë½Ó¿Ú½ÌÑ§ÊµÑµÆ½Ì¨v3.0\±ÜÕÏv3.0\pwm_c.obj (PWM_C)
  C:\Users\ATi's lenovo\Desktop\Ñ§Ï°ÈÎÎñ\Î¢»ú¿ÎÉè\Êý×ÖÏµÍ³Óë½Ó¿Ú½ÌÑ§ÊµÑµÆ½Ì¨v3
>> .1\Êý×ÖÏµÍ³Óë½Ó¿Ú½ÌÑ§ÊµÑµÆ½Ì¨v3.0\±ÜÕÏv3.0\Sensor_AD.obj (SENSOR_AD)
  C:\Users\ATi's lenovo\Desktop\Ñ§Ï°ÈÎÎñ\Î¢»ú¿ÎÉè\Êý×ÖÏµÍ³Óë½Ó¿Ú½ÌÑ§ÊµÑµÆ½Ì¨v3
>> .1\Êý×ÖÏµÍ³Óë½Ó¿Ú½ÌÑ§ÊµÑµÆ½Ì¨v3.0\±ÜÕÏv3.0\SystemInit.obj (SYSTEMINIT)
  C:\Users\ATi's lenovo\Desktop\Ñ§Ï°ÈÎÎñ\Î¢»ú¿ÎÉè\Êý×ÖÏµÍ³Óë½Ó¿Ú½ÌÑ§ÊµÑµÆ½Ì¨v3
>> .1\Êý×ÖÏµÍ³Óë½Ó¿Ú½ÌÑ§ÊµÑµÆ½Ì¨v3.0\±ÜÕÏv3.0\APP_main.obj (APP_MAIN)
  C:\Users\ATi's lenovo\Desktop\Ñ§Ï°ÈÎÎñ\Î¢»ú¿ÎÉè\Êý×ÖÏµÍ³Óë½Ó¿Ú½ÌÑ§ÊµÑµÆ½Ì¨v3
>> .1\Êý×ÖÏµÍ³Óë½Ó¿Ú½ÌÑ§ÊµÑµÆ½Ì¨v3.0\±ÜÕÏv3.0\Pin_Config.obj (PIN_CONFIG)
  D:\KEIL\C51\LIB\C51FPL.LIB (?C?FPDIV)
  D:\KEIL\C51\LIB\C51FPL.LIB (?C?FCAST)
  D:\KEIL\C51\LIB\C51FPL.LIB (?C?CASTF)
  D:\KEIL\C51\LIB\C51FPL.LIB (?C?FPGETOPN)
  D:\KEIL\C51\LIB\C51L.LIB (?C_STARTUP)
  D:\KEIL\C51\LIB\C51L.LIB (?C?COPY)
  D:\KEIL\C51\LIB\C51L.LIB (?C?CLDPTR)
  D:\KEIL\C51\LIB\C51L.LIB (?C?UIDIV)
  D:\KEIL\C51\LIB\C51L.LIB (?C?ILDIX)
  D:\KEIL\C51\LIB\C51L.LIB (?C?ILDOPTR)
  D:\KEIL\C51\LIB\C51L.LIB (?C?LNEG)
  D:\KEIL\C51\LIB\C51L.LIB (?C?SLCMP)
  D:\KEIL\C51\LIB\C51L.LIB (?C?LSTXDATA)
  D:\KEIL\C51\LIB\C51L.LIB (?C_INIT)


LINK MAP OF MODULE:  C:\Users\ATi's lenovo\Desktop\Ñ§Ï°ÈÎÎñ\Î¢»ú¿ÎÉè\Êý×ÖÏµÍ³Ó
>> ë½Ó¿Ú½ÌÑ§ÊµÑµÆ½Ì¨v3.1\Êý×ÖÏµÍ³Óë½Ó¿Ú½ÌÑ§ÊµÑµÆ½Ì¨v3.0\±ÜÕÏv3.0\SmartCar (LCD
>> _12864)


            TYPE    BASE      LENGTH    RELOCATION   SEGMENT NAME
            -----------------------------------------------------

            * * * * * * *   D A T A   M E M O R Y   * * * * * * *
            REG     0000H     0008H     ABSOLUTE     "REG BANK 0"
                    0008H     0018H                  *** GAP ***
            BIT     0020H.0   0000H.1   UNIT         ?BI?_LCDDISPLAY12864?LCD_
>> 12864
            BIT     0020H.1   0000H.1   UNIT         ?BI?APP_MAIN
                    0020H.2   0000H.6                *** GAP ***
            IDATA   0021H     0001H     UNIT         ?STACK

BL51 BANKED LINKER/LOCATER V6.22            02/27/2023  16:10:32  PAGE 2


            * * * * * * *  X D A T A   M E M O R Y  * * * * * * *
            XDATA   0000H     003CH     UNIT         _XDATA_GROUP_
            XDATA   003CH     000AH     UNIT         ?XD?_LCDDESPPAYINT?LCD_12
>> 864
            XDATA   0046H     0007H     UNIT         ?XD?_LCDDISPLAY12864?LCD_
>> 12864
            XDATA   004DH     0004H     UNIT         ?XD?_DISPLAYCHINESE?LCD_1
>> 2864
            XDATA   0051H     0001H     UNIT         ?XD?APP_MAIN

            * * * * * * *   C O D E   M E M O R Y   * * * * * * *
            CODE    0000H     0003H     ABSOLUTE     
            CODE    0003H     0017H     UNIT         ?PR?_GETIRDISTANCE?SENSOR
>> _AD
                    001AH     0001H                  *** GAP ***
            CODE    001BH     0003H     ABSOLUTE     
            CODE    001EH     0341H     UNIT         ?C?LIB_CODE
            CODE    035FH     01CDH     UNIT         ?PR?_LCDDESPPAYINT?LCD_12
>> 864
            CODE    052CH     0182H     UNIT         ?PR?MAIN?APP_MAIN
            CODE    06AEH     0114H     UNIT         ?CO?SENSOR_AD
            CODE    07C2H     010CH     UNIT         ?PR?_ADC_AVRDATAGET?SENSO
>> R_AD
            CODE    08CEH     00FEH     UNIT         ?PR?_DC_MOTOR?PWM_C
            CODE    09CCH     00FAH     UNIT         ?PR?_LCDSENDDATA?LCD_1286
>> 4
            CODE    0AC6H     00F8H     UNIT         ?PR?_LCDSENDCOMMAND?LCD_1
>> 2864
            CODE    0BBEH     00C6H     UNIT         ?PR?_DISPLAY_CHAR12864?LC
>> D_12864
            CODE    0C84H     00B8H     UNIT         ?PR?_LCDDISPLAY12864?LCD_
>> 12864
            CODE    0D3CH     008DH     UNIT         ?PR?_ADC_DISTANCEGET?SENS
>> OR_AD
            CODE    0DC9H     008CH     UNIT         ?C_C51STARTUP
            CODE    0E55H     0072H     UNIT         ?PR?_DESPPAYCHAR?LCD_1286
>> 4
            CODE    0EC7H     0070H     UNIT         ?PR?_AD_PORTSELECTION?SEN
>> SOR_AD
            CODE    0F37H     0058H     UNIT         ?PR?_DISPLAYCHINESE?LCD_1
>> 2864
            CODE    0F8FH     0058H     UNIT         ?PR?PWM_INIT?PWM_C
            CODE    0FE7H     0037H     UNIT         ?PR?PIN_CONFIG?PIN_CONFIG
>> 
            CODE    101EH     0035H     UNIT         ?PR?_GETIR_DISTANCE?SENSO
>> R_AD
            CODE    1053H     0032H     UNIT         ?PR?_SENSORDISTANCEPROCES
>> S?SENSOR_AD
            CODE    1085H     0026H     UNIT         ?CO?APP_MAIN
            CODE    10ABH     0022H     UNIT         ?PR?LCD12864_INIT?LCD_128
>> 64
            CODE    10CDH     001FH     UNIT         ?PR?TIME2?APP_MAIN
            CODE    10ECH     001DH     UNIT         ?PR?SYSTEMINIT?SYSTEMINIT
>> 
            CODE    1109H     0017H     UNIT         ?PR?ADC_INIT?SENSOR_AD
            CODE    1120H     0011H     UNIT         ?PR?_DELAY?SYSTEMINIT
            CODE    1131H     000EH     UNIT         ?PR?ADC_CONVERTSTART?SENS
>> OR_AD
            CODE    113FH     000EH     UNIT         ?PR?INTERNALCRYSTALINIT?S
>> YSTEMINIT
            CODE    114DH     0009H     UNIT         ?CO?LCD_12864
            CODE    1156H     0007H     UNIT         ?C_INITSEG



BL51 BANKED LINKER/LOCATER V6.22            02/27/2023  16:10:32  PAGE 3


OVERLAY MAP OF MODULE:   C:\Users\ATi's lenovo\Desktop\Ñ§Ï°ÈÎÎñ\Î¢»ú¿ÎÉè\Êý×ÖÏ
>> µÍ³Óë½Ó¿Ú½ÌÑ§ÊµÑµÆ½Ì¨v3.1\Êý×ÖÏµÍ³Óë½Ó¿Ú½ÌÑ§ÊµÑµÆ½Ì¨v3.0\±ÜÕÏv3.0\SmartCar 
>> (LCD_12864)


SEGMENT                                        XDATA_GROUP
  +--> CALLED SEGMENT                        START    LENGTH
------------------------------------------------------------
?PR?TIME2?APP_MAIN                           0000H    0001H

*** NEW ROOT ***************************************************

?C_C51STARTUP                                -----    -----
  +--> ?PR?MAIN?APP_MAIN
  +--> ?C_INITSEG

?PR?MAIN?APP_MAIN                            0001H    0005H
  +--> ?PR?SYSTEMINIT?SYSTEMINIT
  +--> ?PR?_DC_MOTOR?PWM_C
  +--> ?PR?_GETIR_DISTANCE?SENSOR_AD
  +--> ?CO?APP_MAIN
  +--> ?PR?_DISPLAY_CHAR12864?LCD_12864

?PR?SYSTEMINIT?SYSTEMINIT                    -----    -----
  +--> ?PR?INTERNALCRYSTALINIT?SYSTEMINIT
  +--> ?PR?PIN_CONFIG?PIN_CONFIG
  +--> ?PR?PWM_INIT?PWM_C
  +--> ?PR?ADC_INIT?SENSOR_AD
  +--> ?PR?_DELAY?SYSTEMINIT
  +--> ?PR?LCD12864_INIT?LCD_12864

?PR?PWM_INIT?PWM_C                           -----    -----
  +--> ?PR?_DC_MOTOR?PWM_C

?PR?LCD12864_INIT?LCD_12864                  -----    -----
  +--> ?PR?_DELAY?SYSTEMINIT
  +--> ?PR?_LCDSENDCOMMAND?LCD_12864

?PR?_LCDSENDCOMMAND?LCD_12864                000CH    0003H
  +--> ?PR?_DELAY?SYSTEMINIT

?PR?_GETIR_DISTANCE?SENSOR_AD                -----    -----
  +--> ?PR?_ADC_DISTANCEGET?SENSOR_AD
  +--> ?PR?_SENSORDISTANCEPROCESS?SENSOR_AD

?PR?_ADC_DISTANCEGET?SENSOR_AD               0006H    0019H
  +--> ?CO?SENSOR_AD
  +--> ?PR?_AD_PORTSELECTION?SENSOR_AD
  +--> ?PR?ADC_CONVERTSTART?SENSOR_AD
  +--> ?PR?_ADC_AVRDATAGET?SENSOR_AD

?PR?_ADC_AVRDATAGET?SENSOR_AD                001FH    001DH

?PR?_SENSORDISTANCEPROCESS?SENSOR_AD         0006H    0004H
  +--> ?CO?SENSOR_AD

?PR?_DISPLAY_CHAR12864?LCD_12864             0006H    0006H
  +--> ?PR?_LCDSENDCOMMAND?LCD_12864
  +--> ?PR?_LCDSENDDATA?LCD_12864
  +--> ?PR?_DESPPAYCHAR?LCD_12864

?PR?_LCDSENDDATA?LCD_12864                   0012H    0003H
  +--> ?PR?_DELAY?SYSTEMINIT

?PR?_DESPPAYCHAR?LCD_12864                   000CH    0006H
BL51 BANKED LINKER/LOCATER V6.22            02/27/2023  16:10:32  PAGE 4


  +--> ?CO?LCD_12864
  +--> ?PR?_LCDSENDDATA?LCD_12864



SYMBOL TABLE OF MODULE:  C:\Users\ATi's lenovo\Desktop\Ñ§Ï°ÈÎÎñ\Î¢»ú¿ÎÉè\Êý×ÖÏ
>> µÍ³Óë½Ó¿Ú½ÌÑ§ÊµÑµÆ½Ì¨v3.1\Êý×ÖÏµÍ³Óë½Ó¿Ú½ÌÑ§ÊµÑµÆ½Ì¨v3.0\±ÜÕÏv3.0\SmartCar 
>> (LCD_12864)

  VALUE           TYPE          NAME
  ----------------------------------

  -------         MODULE        LCD_12864
  C:0000H         SYMBOL        _ICE_DUMMY_
  D:0080H         PUBLIC        P0
  D:00B0H         PUBLIC        P3
  C:035FH         PUBLIC        _LcdDesppayInt
  C:0F37H         PUBLIC        _DisplayChinese
  C:0AD6H         PUBLIC        _LCDSendCommand
  B:00B0H.3       PUBLIC        SCLK
  C:0BBEH         PUBLIC        _Display_Char12864
  C:114DH         SYMBOL        _?ix1000
  C:1153H         SYMBOL        _?ix1001
  C:10ABH         PUBLIC        LCD12864_Init
  C:0E55H         PUBLIC        _DesppayChar
  C:09DEH         PUBLIC        _LCDSendData
  B:00B0H.2       PUBLIC        SID
  C:0C84H         PUBLIC        _LcdDisplay12864
  C:0AD2H         SYMBOL        L?0090
  -------         PROC          L?0089
  -------         ENDPROC       L?0089
  C:0AD2H         SYMBOL        L?0090
  -------         PROC          _LCDSENDCOMMAND
  X:000CH         SYMBOL        command_data
  -------         DO            
  X:000DH         SYMBOL        i
  X:000EH         SYMBOL        i_data
  D:0007H         SYMBOL        temp_data
  -------         ENDDO         
  C:0AD6H         LINE#         80
  C:0ADBH         LINE#         81
  C:0ADBH         LINE#         84
  C:0AE1H         LINE#         85
  C:0AE8H         LINE#         86
  C:0AEAH         LINE#         89
  C:0AEFH         LINE#         90
  C:0AEFH         LINE#         91
  C:0AFAH         LINE#         92
  C:0AFCH         LINE#         93
  C:0B03H         LINE#         94
  C:0B05H         LINE#         95
  C:0B0CH         LINE#         96
  C:0B0EH         LINE#         97
  C:0B15H         LINE#         98
  C:0B1CH         LINE#         99
  C:0B28H         LINE#         101
  C:0B30H         LINE#         103
  C:0B33H         LINE#         105
  C:0B38H         LINE#         106
  C:0B38H         LINE#         107
  C:0B43H         LINE#         108
  C:0B45H         LINE#         109
  C:0B4CH         LINE#         110
  C:0B4EH         LINE#         111
  C:0B55H         LINE#         112
BL51 BANKED LINKER/LOCATER V6.22            02/27/2023  16:10:32  PAGE 5


  C:0B57H         LINE#         113
  C:0B5EH         LINE#         114
  C:0B65H         LINE#         115
  C:0B71H         LINE#         118
  C:0B79H         LINE#         120
  C:0B7BH         LINE#         121
  C:0B7FH         LINE#         123
  C:0B84H         LINE#         124
  C:0B84H         LINE#         125
  C:0B8FH         LINE#         126
  C:0B91H         LINE#         127
  C:0B98H         LINE#         128
  C:0B9AH         LINE#         129
  C:0BA1H         LINE#         130
  C:0BA3H         LINE#         131
  C:0BAAH         LINE#         132
  C:0BB1H         LINE#         133
  C:0BBDH         LINE#         134
  -------         ENDPROC       _LCDSENDCOMMAND
  C:09CCH         SYMBOL        L?0087
  C:09CFH         SYMBOL        L?0088
  -------         PROC          L?0086
  -------         ENDPROC       L?0086
  C:09CCH         SYMBOL        L?0087
  C:09CFH         SYMBOL        L?0088
  -------         PROC          _LCDSENDDATA
  X:0012H         SYMBOL        command_data
  -------         DO            
  X:0013H         SYMBOL        i
  X:0014H         SYMBOL        i_data
  D:0007H         SYMBOL        temp_data
  -------         ENDDO         
  C:09DEH         LINE#         158
  C:09E3H         LINE#         159
  C:09E3H         LINE#         162
  C:09E9H         LINE#         163
  C:09F0H         LINE#         164
  C:09F2H         LINE#         166
  C:09F7H         LINE#         167
  C:09F7H         LINE#         168
  C:0A02H         LINE#         169
  C:0A04H         LINE#         170
  C:0A0BH         LINE#         171
  C:0A0DH         LINE#         172
  C:0A14H         LINE#         173
  C:0A16H         LINE#         174
  C:0A1DH         LINE#         175
  C:0A24H         LINE#         176
  C:0A30H         LINE#         178
  C:0A38H         LINE#         180
  C:0A3BH         LINE#         182
  C:0A40H         LINE#         183
  C:0A40H         LINE#         184
  C:0A4BH         LINE#         185
  C:0A4DH         LINE#         186
  C:0A54H         LINE#         187
  C:0A56H         LINE#         188
  C:0A5DH         LINE#         189
  C:0A5FH         LINE#         190
  C:0A66H         LINE#         191
  C:0A6DH         LINE#         192
  C:0A79H         LINE#         193
  C:0A81H         LINE#         195
  C:0A83H         LINE#         196
  C:0A87H         LINE#         198
BL51 BANKED LINKER/LOCATER V6.22            02/27/2023  16:10:32  PAGE 6


  C:0A8CH         LINE#         199
  C:0A8CH         LINE#         201
  C:0A97H         LINE#         202
  C:0A99H         LINE#         203
  C:0AA0H         LINE#         204
  C:0AA2H         LINE#         205
  C:0AA9H         LINE#         206
  C:0AABH         LINE#         207
  C:0AB2H         LINE#         208
  C:0AB9H         LINE#         209
  C:0AC5H         LINE#         210
  -------         ENDPROC       _LCDSENDDATA
  -------         PROC          LCD12864_INIT
  C:10ABH         LINE#         229
  C:10ABH         LINE#         230
  C:10ABH         LINE#         231
  C:10B2H         LINE#         232
  C:10B9H         LINE#         234
  C:10BEH         LINE#         235
  C:10C3H         LINE#         236
  C:10C8H         LINE#         237
  -------         ENDPROC       LCD12864_INIT
  -------         PROC          _DISPLAYCHINESE
  X:004DH         SYMBOL        row
  X:004EH         SYMBOL        col
  X:004FH         SYMBOL        cara_one
  X:0050H         SYMBOL        cara_two
  C:0F37H         LINE#         256
  C:0F40H         LINE#         257
  C:0F40H         LINE#         259
  C:0F43H         LINE#         260
  C:0F4AH         LINE#         261
  C:0F4AH         LINE#         262
  C:0F52H         LINE#         264
  C:0F52H         LINE#         265
  C:0F59H         LINE#         266
  C:0F59H         LINE#         267
  C:0F61H         LINE#         268
  C:0F61H         LINE#         269
  C:0F68H         LINE#         270
  C:0F68H         LINE#         271
  C:0F70H         LINE#         272
  C:0F70H         LINE#         273
  C:0F77H         LINE#         274
  C:0F77H         LINE#         275
  C:0F7FH         LINE#         276
  C:0F7FH         LINE#         277
  C:0F87H         LINE#         278
  -------         ENDPROC       _DISPLAYCHINESE
  -------         PROC          _LCDDISPLAY12864
  X:0046H         SYMBOL        row
  X:0047H         SYMBOL        col
  X:0048H         SYMBOL        str
  B:0020H.0       SYMBOL        onoff
  X:004BH         SYMBOL        data_input
  C:0C84H         LINE#         298
  C:0C87H         LINE#         299
  C:0C87H         LINE#         301
  C:0C8AH         LINE#         302
  C:0C9CH         LINE#         303
  C:0C9CH         LINE#         304
  C:0C9CH         LINE#         305
  C:0C9CH         LINE#         306
  C:0CA6H         LINE#         307
  C:0CB6H         LINE#         308
BL51 BANKED LINKER/LOCATER V6.22            02/27/2023  16:10:32  PAGE 7


  C:0CB6H         LINE#         309
  C:0CB9H         LINE#         311
  C:0CBBH         LINE#         312
  C:0CBBH         LINE#         313
  C:0CBBH         LINE#         314
  C:0CBBH         LINE#         315
  C:0CC5H         LINE#         316
  C:0CD5H         LINE#         317
  C:0CD5H         LINE#         318
  C:0CD8H         LINE#         319
  C:0CDAH         LINE#         320
  C:0CDAH         LINE#         321
  C:0CDAH         LINE#         322
  C:0CDAH         LINE#         323
  C:0CE4H         LINE#         324
  C:0CF4H         LINE#         325
  C:0CF4H         LINE#         326
  C:0CF7H         LINE#         327
  C:0CF9H         LINE#         328
  C:0CF9H         LINE#         329
  C:0CF9H         LINE#         330
  C:0CF9H         LINE#         331
  C:0D03H         LINE#         332
  C:0D13H         LINE#         333
  C:0D13H         LINE#         334
  C:0D16H         LINE#         335
  C:0D18H         LINE#         336
  C:0D18H         LINE#         338
  C:0D18H         LINE#         339
  C:0D18H         LINE#         340
  C:0D28H         LINE#         341
  C:0D28H         LINE#         342
  C:0D2BH         LINE#         343
  C:0D2DH         LINE#         344
  C:0D2DH         LINE#         345
  C:0D2DH         LINE#         346
  C:0D30H         LINE#         347
  C:0D3BH         LINE#         348
  C:0D3BH         LINE#         349
  -------         ENDPROC       _LCDDISPLAY12864
  -------         PROC          _DISPLAY_CHAR12864
  X:0006H         SYMBOL        row
  X:0007H         SYMBOL        col
  X:0008H         SYMBOL        str
  X:000BH         SYMBOL        data_input
  C:0BBEH         LINE#         367
  C:0BC1H         LINE#         368
  C:0BC1H         LINE#         369
  C:0BC4H         LINE#         370
  C:0BD9H         LINE#         371
  C:0BD9H         LINE#         372
  C:0BD9H         LINE#         373
  C:0BD9H         LINE#         374
  C:0BE3H         LINE#         375
  C:0BF6H         LINE#         376
  C:0BF6H         LINE#         377
  C:0BFCH         LINE#         379
  C:0BFEH         LINE#         380
  C:0BFEH         LINE#         381
  C:0BFEH         LINE#         382
  C:0BFEH         LINE#         383
  C:0C08H         LINE#         384
  C:0C18H         LINE#         385
  C:0C18H         LINE#         386
  C:0C1EH         LINE#         387
BL51 BANKED LINKER/LOCATER V6.22            02/27/2023  16:10:32  PAGE 8


  C:0C20H         LINE#         388
  C:0C20H         LINE#         389
  C:0C20H         LINE#         390
  C:0C20H         LINE#         391
  C:0C2AH         LINE#         392
  C:0C3AH         LINE#         393
  C:0C3AH         LINE#         394
  C:0C40H         LINE#         395
  C:0C42H         LINE#         396
  C:0C42H         LINE#         397
  C:0C42H         LINE#         398
  C:0C42H         LINE#         399
  C:0C4CH         LINE#         400
  C:0C5CH         LINE#         401
  C:0C5CH         LINE#         402
  C:0C62H         LINE#         403
  C:0C64H         LINE#         404
  C:0C64H         LINE#         406
  C:0C64H         LINE#         407
  C:0C64H         LINE#         408
  C:0C74H         LINE#         409
  C:0C74H         LINE#         410
  C:0C7AH         LINE#         411
  C:0C7CH         LINE#         412
  C:0C7CH         LINE#         413
  C:0C7CH         LINE#         414
  -------         ENDPROC       _DISPLAY_CHAR12864
  -------         PROC          _LCDDESPPAYINT
  X:003CH         SYMBOL        uiData
  -------         DO            
  X:003EH         SYMBOL        ucStrDisp
  X:0044H         SYMBOL        i
  X:0045H         SYMBOL        dataNum
  -------         ENDDO         
  C:035FH         LINE#         433
  C:0367H         LINE#         434
  C:0367H         LINE#         435
  C:037AH         LINE#         436
  C:037FH         LINE#         437
  C:0381H         LINE#         439
  C:0390H         LINE#         440
  C:0390H         LINE#         441
  C:03A4H         LINE#         442
  C:03BBH         LINE#         443
  C:03D1H         LINE#         444
  C:03D7H         LINE#         446
  C:03DAH         LINE#         448
  C:03F2H         LINE#         449
  C:03F2H         LINE#         450
  C:0406H         LINE#         451
  C:041DH         LINE#         452
  C:043AH         LINE#         453
  C:044AH         LINE#         454
  C:0450H         LINE#         455
  C:0453H         LINE#         457
  C:0479H         LINE#         458
  C:0479H         LINE#         459
  C:0490H         LINE#         460
  C:04A7H         LINE#         461
  C:04C4H         LINE#         462
  C:04DBH         LINE#         463
  C:04F1H         LINE#         464
  C:04F7H         LINE#         465
  C:04F9H         LINE#         468
  C:04F9H         LINE#         469
BL51 BANKED LINKER/LOCATER V6.22            02/27/2023  16:10:32  PAGE 9


  C:04FFH         LINE#         470
  C:0501H         LINE#         471
  C:0503H         LINE#         472
  C:0505H         LINE#         473
  C:0507H         LINE#         474
  C:0507H         LINE#         476
  C:0511H         LINE#         477
  C:0511H         LINE#         478
  C:0523H         LINE#         479
  C:0529H         LINE#         480
  C:052BH         LINE#         481
  -------         ENDPROC       _LCDDESPPAYINT
  -------         PROC          _DESPPAYCHAR
  X:000CH         SYMBOL        uiData
  -------         DO            
  X:000DH         SYMBOL        ucStrDisp
  X:0010H         SYMBOL        i
  X:0011H         SYMBOL        dataNum
  -------         ENDDO         
  C:0E55H         LINE#         500
  C:0E5AH         LINE#         501
  C:0E5AH         LINE#         502
  C:0E6DH         LINE#         503
  C:0E72H         LINE#         504
  C:0E76H         LINE#         505
  C:0E83H         LINE#         506
  C:0E92H         LINE#         507
  C:0EA2H         LINE#         510
  C:0EACH         LINE#         511
  C:0EACH         LINE#         512
  C:0EBEH         LINE#         513
  C:0EC4H         LINE#         514
  C:0EC6H         LINE#         515
  -------         ENDPROC       _DESPPAYCHAR
  -------         ENDMOD        LCD_12864

  -------         MODULE        PWM_C
  C:0000H         SYMBOL        _ICE_DUMMY_
  D:0080H         PUBLIC        P0
  D:0090H         PUBLIC        P1
  D:00B0H         PUBLIC        P3
  D:00A7H         PUBLIC        SFRPAGE
  B:00B0H.5       PUBLIC        DIR0
  B:0090H.4       PUBLIC        DIR1
  B:0090H.5       PUBLIC        DIR2
  D:00FCH         PUBLIC        PCA0CPH0
  B:0090H.6       PUBLIC        DIR3
  D:00EAH         PUBLIC        PCA0CPH1
  B:00B0H.6       PUBLIC        DIR4
  D:00ECH         PUBLIC        PCA0CPH2
  B:00D8H.6       PUBLIC        CR
  D:00EEH         PUBLIC        PCA0CPH3
  D:00FEH         PUBLIC        PCA0CPH4
  D:00F6H         PUBLIC        PCA0CPH5
  D:00DAH         PUBLIC        PCA0CPM0
  D:00D9H         PUBLIC        PCA0MD
  D:00DBH         PUBLIC        PCA0CPM1
  D:00DCH         PUBLIC        PCA0CPM2
  D:00DDH         PUBLIC        PCA0CPM3
  D:00DEH         PUBLIC        PCA0CPM4
  D:00DFH         PUBLIC        PCA0CPM5
  C:0F8FH         PUBLIC        PWM_Init
  C:08D2H         PUBLIC        _DC_Motor
  -------         PROC          PWM_INIT
  -------         DO            
BL51 BANKED LINKER/LOCATER V6.22            02/27/2023  16:10:32  PAGE 10


  D:0007H         SYMBOL        SFRPAGE_save
  -------         ENDDO         
  C:0F8FH         LINE#         50
  C:0F8FH         LINE#         51
  C:0F8FH         LINE#         52
  C:0F91H         LINE#         55
  C:0F94H         LINE#         57
  C:0F97H         LINE#         59
  C:0F9AH         LINE#         60
  C:0F9DH         LINE#         61
  C:0FA0H         LINE#         62
  C:0FA3H         LINE#         63
  C:0FA6H         LINE#         64
  C:0FA9H         LINE#         66
  C:0FACH         LINE#         67
  C:0FAEH         LINE#         68
  C:0FB0H         LINE#         69
  C:0FB2H         LINE#         70
  C:0FB4H         LINE#         71
  C:0FB6H         LINE#         73
  C:0FB8H         LINE#         75
  C:0FBAH         LINE#         77
  C:0FC2H         LINE#         78
  C:0FC7H         LINE#         79
  C:0FCCH         LINE#         80
  C:0FD5H         LINE#         81
  C:0FDEH         LINE#         82
  -------         ENDPROC       PWM_INIT
  -------         PROC          L?0042
  -------         ENDPROC       L?0042
  -------         PROC          _DC_MOTOR
  D:0007H         SYMBOL        motor_num
  D:0005H         SYMBOL        direction
  D:0003H         SYMBOL        motor_speed
  -------         DO            
  D:0001H         SYMBOL        SFRPAGE_save
  -------         ENDDO         
  C:08D2H         LINE#         113
  C:08D2H         LINE#         114
  C:08D2H         LINE#         115
  C:08D4H         LINE#         117
  C:08D7H         LINE#         122
  C:08DAH         LINE#         123
  C:08DAH         LINE#         124
  C:08EFH         LINE#         125
  C:08EFH         LINE#         126
  C:08EFH         LINE#         128
  C:08F2H         LINE#         130
  C:08F4H         LINE#         132
  C:08F4H         LINE#         134
  C:08F7H         LINE#         136
  C:08F9H         LINE#         138
  C:08F9H         LINE#         140
  C:08FCH         LINE#         142
  C:08FEH         LINE#         144
  C:08FEH         LINE#         147
  C:0901H         LINE#         149
  C:0903H         LINE#         151
  C:0903H         LINE#         153
  C:0906H         LINE#         155
  C:0908H         LINE#         157
  C:0908H         LINE#         159
  C:090BH         LINE#         161
  C:090DH         LINE#         163
  C:090DH         LINE#         164
BL51 BANKED LINKER/LOCATER V6.22            02/27/2023  16:10:32  PAGE 11


  C:090DH         LINE#         165
  C:090DH         LINE#         172
  C:0922H         LINE#         173
  C:0922H         LINE#         174
  C:0922H         LINE#         176
  C:0928H         LINE#         177
  C:092AH         LINE#         179
  C:092AH         LINE#         181
  C:0930H         LINE#         182
  C:0932H         LINE#         184
  C:0932H         LINE#         186
  C:0938H         LINE#         187
  C:093AH         LINE#         189
  C:093AH         LINE#         191
  C:0940H         LINE#         192
  C:0942H         LINE#         194
  C:0942H         LINE#         196
  C:0948H         LINE#         197
  C:094AH         LINE#         199
  C:094AH         LINE#         201
  C:0950H         LINE#         202
  C:0950H         LINE#         204
  C:0950H         LINE#         205
  C:0950H         LINE#         208
  C:095BH         LINE#         209
  C:095BH         LINE#         211
  C:095BH         LINE#         213
  C:0961H         LINE#         214
  C:0967H         LINE#         215
  C:096DH         LINE#         216
  C:0973H         LINE#         217
  C:097AH         LINE#         219
  C:097CH         LINE#         223
  C:097CH         LINE#         225
  C:0983H         LINE#         226
  C:098AH         LINE#         227
  C:0991H         LINE#         228
  C:0998H         LINE#         229
  C:099FH         LINE#         230
  C:09A7H         LINE#         232
  C:09A9H         LINE#         236
  C:09A9H         LINE#         238
  C:09AFH         LINE#         239
  C:09B5H         LINE#         240
  C:09BBH         LINE#         241
  C:09C1H         LINE#         242
  C:09C7H         LINE#         244
  C:09C7H         LINE#         246
  C:09C7H         LINE#         247
  C:09C7H         LINE#         249
  C:09CBH         LINE#         250
  -------         ENDPROC       _DC_MOTOR
  -------         ENDMOD        PWM_C

  -------         MODULE        SENSOR_AD
  C:0000H         SYMBOL        _ICE_DUMMY_
  D:0080H         PUBLIC        P0
  D:00BCH         PUBLIC        ADC0CF
  D:00E6H         PUBLIC        EIE1
  D:00E8H         PUBLIC        ADC0CN
  D:00A7H         PUBLIC        SFRPAGE
  C:1053H         PUBLIC        _SensorDistanceProcess
  C:06AEH         PUBLIC        IRData
  D:00D1H         PUBLIC        REF0CN
  C:1131H         PUBLIC        ADC_ConvertStart
BL51 BANKED LINKER/LOCATER V6.22            02/27/2023  16:10:32  PAGE 12


  B:00E8H.5       PUBLIC        AD0INT
  C:0EC7H         PUBLIC        _AD_PortSelection
  C:1109H         PUBLIC        ADC_Init
  D:00BEH         PUBLIC        ADC0H
  C:07AEH         SYMBOL        _?ix1000
  D:00BDH         PUBLIC        ADC0L
  B:00E8H.7       PUBLIC        AD0EN
  C:101EH         PUBLIC        _GetIR_Distance
  D:00BAH         PUBLIC        AMX0N
  D:00BBH         PUBLIC        AMX0P
  C:0003H         PUBLIC        _GetIRDistance
  C:07C2H         PUBLIC        _ADC_AvrDataGet
  B:00E8H.4       PUBLIC        AD0BUSY
  C:0D3CH         PUBLIC        _ADC_DistanceGet
  -------         PROC          _GETIR_DISTANCE
  D:0007H         SYMBOL        channle
  -------         DO            
  D:0004H         SYMBOL        ucIRDisValue
  -------         ENDDO         
  C:101EH         LINE#         77
  C:101EH         LINE#         78
  C:101EH         LINE#         79
  C:1021H         LINE#         83
  C:102DH         LINE#         84
  C:102DH         LINE#         85
  C:1030H         LINE#         86
  C:1030H         LINE#         88
  C:1037H         LINE#         91
  C:1045H         LINE#         94
  C:104EH         LINE#         95
  C:104EH         LINE#         96
  C:1050H         LINE#         97
  C:1050H         LINE#         98
  C:1052H         LINE#         100
  -------         ENDPROC       _GETIR_DISTANCE
  -------         PROC          _GETIRDISTANCE
  D:0007H         SYMBOL        channle
  -------         DO            
  D:0004H         SYMBOL        ucIRDisValue
  -------         ENDDO         
  C:0003H         LINE#         118
  C:0003H         LINE#         119
  C:0003H         LINE#         120
  C:0006H         LINE#         122
  C:0012H         LINE#         123
  C:0012H         LINE#         124
  C:0016H         LINE#         125
  C:0016H         LINE#         126
  C:0019H         LINE#         128
  C:0019H         LINE#         130
  -------         ENDPROC       _GETIRDISTANCE
  -------         PROC          ADC_INIT
  -------         DO            
  D:0007H         SYMBOL        SFRPAGE_save
  -------         ENDDO         
  C:1109H         LINE#         166
  C:1109H         LINE#         167
  C:1109H         LINE#         168
  C:110BH         LINE#         170
  C:110EH         LINE#         172
  C:1111H         LINE#         174
  C:1114H         LINE#         175
  C:1117H         LINE#         177
  C:111AH         LINE#         181
  C:111DH         LINE#         183
BL51 BANKED LINKER/LOCATER V6.22            02/27/2023  16:10:32  PAGE 13


  C:111FH         LINE#         185
  -------         ENDPROC       ADC_INIT
  -------         PROC          _ADC_DISTANCEGET
  X:0006H         SYMBOL        AD_port
  -------         DO            
  X:0007H         SYMBOL        AD_counter
  X:0008H         SYMBOL        i
  X:0009H         SYMBOL        adc0_h
  X:000AH         SYMBOL        adc0_l
  D:0006H         SYMBOL        ad_test
  X:000BH         SYMBOL        ADC_DataStore
  -------         ENDDO         
  C:0D3CH         LINE#         202
  C:0D41H         LINE#         203
  C:0D41H         LINE#         205
  C:0D44H         LINE#         206
  C:0D46H         LINE#         210
  C:0D58H         LINE#         213
  C:0D62H         LINE#         214
  C:0D62H         LINE#         215
  C:0D67H         LINE#         216
  C:0D67H         LINE#         219
  C:0D6CH         LINE#         222
  C:0D6FH         LINE#         224
  C:0D74H         LINE#         225
  C:0D74H         LINE#         226
  C:0D77H         LINE#         228
  C:0D7DH         LINE#         229
  C:0D81H         LINE#         230
  C:0D85H         LINE#         232
  C:0DA8H         LINE#         235
  C:0DAAH         LINE#         237
  C:0DADH         LINE#         239
  C:0DB3H         LINE#         240
  C:0DBFH         LINE#         246
  C:0DC8H         LINE#         249
  C:0DC8H         LINE#         250
  -------         ENDPROC       _ADC_DISTANCEGET
  -------         PROC          ADC_CONVERTSTART
  -------         DO            
  D:0007H         SYMBOL        SFRPAGE_save
  -------         ENDDO         
  C:1131H         LINE#         267
  C:1131H         LINE#         268
  C:1131H         LINE#         269
  C:1133H         LINE#         271
  C:1136H         LINE#         273
  C:1138H         LINE#         277
  C:113AH         LINE#         280
  C:113CH         LINE#         282
  C:113EH         LINE#         283
  -------         ENDPROC       ADC_CONVERTSTART
  -------         PROC          _AD_PORTSELECTION
  D:0007H         SYMBOL        port_unm
  -------         DO            
  D:0006H         SYMBOL        SFRPAGE_save
  -------         ENDDO         
  C:0EC7H         LINE#         301
  C:0EC7H         LINE#         302
  C:0EC7H         LINE#         303
  C:0EC9H         LINE#         305
  C:0ECCH         LINE#         308
  C:0EFFH         LINE#         309
  C:0EFFH         LINE#         310
  C:0F04H         LINE#         311
BL51 BANKED LINKER/LOCATER V6.22            02/27/2023  16:10:32  PAGE 14


  C:0F09H         LINE#         312
  C:0F0EH         LINE#         313
  C:0F13H         LINE#         314
  C:0F18H         LINE#         315
  C:0F1DH         LINE#         316
  C:0F22H         LINE#         317
  C:0F27H         LINE#         318
  C:0F2CH         LINE#         319
  C:0F2FH         LINE#         321
  C:0F2FH         LINE#         323
  C:0F2FH         LINE#         325
  C:0F32H         LINE#         328
  C:0F36H         LINE#         330
  -------         ENDPROC       _AD_PORTSELECTION
  -------         PROC          _ADC_AVRDATAGET
  X:001FH         SYMBOL        AD_data
  -------         DO            
  D:0006H         SYMBOL        ucAD_avragy
  X:0022H         SYMBOL        k
  X:0024H         SYMBOL        uiAD_data
  X:0027H         SYMBOL        i
  D:0007H         SYMBOL        j
  X:0028H         SYMBOL        AD_Array
  -------         ENDDO         
  C:07C2H         LINE#         348
  C:07CDH         LINE#         349
  C:07CDH         LINE#         351
  C:07D8H         LINE#         356
  C:07DBH         LINE#         357
  C:07DBH         LINE#         358
  C:080AH         LINE#         359
  C:0814H         LINE#         361
  C:0819H         LINE#         362
  C:082AH         LINE#         363
  C:082AH         LINE#         364
  C:0852H         LINE#         365
  C:0852H         LINE#         366
  C:085AH         LINE#         367
  C:087CH         LINE#         368
  C:0895H         LINE#         369
  C:0895H         LINE#         370
  C:08A6H         LINE#         373
  C:08C6H         LINE#         375
  C:08CDH         LINE#         377
  -------         ENDPROC       _ADC_AVRDATAGET
  -------         PROC          _SENSORDISTANCEPROCESS
  X:0006H         SYMBOL        x
  -------         DO            
  D:0006H         SYMBOL        IRIndex
  -------         ENDDO         
  C:1053H         LINE#         408
  C:1059H         LINE#         409
  C:1059H         LINE#         411
  C:105AH         LINE#         412
  C:1074H         LINE#         413
  C:1084H         LINE#         423
  -------         ENDPROC       _SENSORDISTANCEPROCESS
  -------         ENDMOD        SENSOR_AD

  -------         MODULE        SYSTEMINIT
  C:0000H         SYMBOL        _ICE_DUMMY_
  D:0080H         PUBLIC        P0
  D:00A7H         PUBLIC        SFRPAGE
  C:10ECH         PUBLIC        SystemInit
  C:113FH         PUBLIC        InternalCrystalInit
BL51 BANKED LINKER/LOCATER V6.22            02/27/2023  16:10:32  PAGE 15


  D:00B7H         PUBLIC        OSCICN
  D:00EFH         PUBLIC        RSTSRC
  C:1120H         PUBLIC        _Delay
  -------         PROC          SYSTEMINIT
  C:10ECH         LINE#         41
  C:10ECH         LINE#         42
  C:10ECH         LINE#         44
  C:10EFH         LINE#         46
  C:10F2H         LINE#         48
  C:10F5H         LINE#         50
  C:10F8H         LINE#         52
  C:10FFH         LINE#         54
  C:1102H         LINE#         56
  -------         ENDPROC       SYSTEMINIT
  -------         PROC          INTERNALCRYSTALINIT
  -------         DO            
  D:0007H         SYMBOL        SFRPAGE_save
  -------         ENDDO         
  C:113FH         LINE#         63
  C:113FH         LINE#         64
  C:113FH         LINE#         65
  C:1141H         LINE#         67
  C:1144H         LINE#         69
  C:1147H         LINE#         71
  C:114AH         LINE#         73
  C:114CH         LINE#         74
  -------         ENDPROC       INTERNALCRYSTALINIT
  -------         PROC          _DELAY
  D:0006H         SYMBOL        no
  C:1120H         LINE#         79
  C:1120H         LINE#         80
  C:1120H         LINE#         82
  C:1130H         LINE#         84
  -------         ENDPROC       _DELAY
  -------         ENDMOD        SYSTEMINIT

  -------         MODULE        APP_MAIN
  C:0000H         SYMBOL        _ICE_DUMMY_
  D:0080H         PUBLIC        P0
  B:00A8H.7       PUBLIC        EA
  C:052CH         PUBLIC        main
  D:0089H         PUBLIC        TMOD
  B:00A8H.3       PUBLIC        ET1
  D:008DH         PUBLIC        TH1
  X:0051H         PUBLIC        TIME2_COUNT
  D:008BH         PUBLIC        TL1
  B:0088H.6       PUBLIC        TR1
  C:10CDH         PUBLIC        time2
  B:0020H.1       PUBLIC        F_T
  -------         PROC          TIME2
  -------         DO            
  X:0000H         SYMBOL        ch
  -------         ENDDO         
  C:10CDH         LINE#         14
  C:10D3H         LINE#         17
  C:10D9H         LINE#         18
  C:10DCH         LINE#         19
  C:10DCH         LINE#         20
  C:10DFH         LINE#         21
  C:10E1H         LINE#         22
  C:10E5H         LINE#         23
  C:10E5H         LINE#         24
  -------         ENDPROC       TIME2
  -------         PROC          MAIN
  -------         DO            
BL51 BANKED LINKER/LOCATER V6.22            02/27/2023  16:10:32  PAGE 16


  X:0001H         SYMBOL        left
  X:0002H         SYMBOL        right
  X:0003H         SYMBOL        middle
  X:0004H         SYMBOL        action0
  X:0005H         SYMBOL        action1
  -------         ENDDO         
  C:052CH         LINE#         26
  C:052CH         LINE#         27
  C:052CH         LINE#         28
  C:0539H         LINE#         29
  C:053CH         LINE#         30
  C:053FH         LINE#         31
  C:0544H         LINE#         32
  C:0548H         LINE#         33
  C:054AH         LINE#         35
  C:0552H         LINE#         36
  C:055BH         LINE#         37
  C:0564H         LINE#         38
  C:056DH         LINE#         40
  C:056DH         LINE#         41
  C:056DH         LINE#         42
  C:0570H         LINE#         43
  C:0570H         LINE#         44
  C:057AH         LINE#         45
  C:0584H         LINE#         46
  C:058EH         LINE#         47
  C:05A1H         LINE#         48
  C:05B6H         LINE#         49
  C:05CBH         LINE#         50
  C:05E0H         LINE#         51
  C:05E5H         LINE#         52
  C:05F6H         LINE#         53
  C:0607H         LINE#         54
  C:0616H         LINE#         55
  C:0625H         LINE#         56
  C:0625H         LINE#         57
  C:0627H         LINE#         58
  C:0634H         LINE#         59
  C:0634H         LINE#         60
  C:0634H         LINE#         61
  C:0634H         LINE#         62
  C:063DH         LINE#         63
  C:0641H         LINE#         64
  C:0641H         LINE#         65
  C:0641H         LINE#         67
  C:0643H         LINE#         68
  C:0643H         LINE#         69
  C:0643H         LINE#         70
  C:064CH         LINE#         71
  C:0655H         LINE#         72
  C:065EH         LINE#         73
  C:0662H         LINE#         74
  C:0664H         LINE#         75
  C:0664H         LINE#         76
  C:0664H         LINE#         77
  C:066DH         LINE#         78
  C:0676H         LINE#         79
  C:067FH         LINE#         80
  C:0683H         LINE#         82
  C:0685H         LINE#         83
  C:0685H         LINE#         84
  C:0685H         LINE#         85
  C:068EH         LINE#         86
  C:0697H         LINE#         87
  C:06A0H         LINE#         88
BL51 BANKED LINKER/LOCATER V6.22            02/27/2023  16:10:32  PAGE 17


  C:06A9H         LINE#         89
  C:06A9H         LINE#         90
  C:06A9H         LINE#         91
  C:06A9H         LINE#         92
  C:06A9H         LINE#         93
  C:06ABH         LINE#         94
  C:06ABH         LINE#         95
  -------         ENDPROC       MAIN
  -------         ENDMOD        APP_MAIN

  -------         MODULE        PIN_CONFIG
  C:0000H         SYMBOL        _ICE_DUMMY_
  D:0080H         PUBLIC        P0
  B:00A8H.7       PUBLIC        EA
  D:00A7H         PUBLIC        SFRPAGE
  D:00A4H         PUBLIC        P0MDOUT
  D:00A5H         PUBLIC        P1MDOUT
  D:00AFH         PUBLIC        P3MDOUT
  D:00AEH         PUBLIC        P4MDOUT
  D:00D9H         PUBLIC        PCA0MD
  D:00E1H         PUBLIC        XBR0
  D:00E2H         PUBLIC        XBR1
  D:00F1H         PUBLIC        P0MDIN
  D:00F2H         PUBLIC        P1MDIN
  D:00F3H         PUBLIC        P2MDIN
  D:00F4H         PUBLIC        P3MDIN
  D:00D4H         PUBLIC        P0SKIP
  D:00D5H         PUBLIC        P1SKIP
  D:00D6H         PUBLIC        P2SKIP
  D:00D7H         PUBLIC        P3SKIP
  C:0FE7H         PUBLIC        Pin_Config
  -------         PROC          PIN_CONFIG
  -------         DO            
  D:0007H         SYMBOL        SFRPAGE_save
  -------         ENDDO         
  C:0FE7H         LINE#         27
  C:0FE7H         LINE#         28
  C:0FE7H         LINE#         29
  C:0FE9H         LINE#         31
  C:0FECH         LINE#         32
  C:0FEFH         LINE#         34
  C:0FF2H         LINE#         41
  C:0FF5H         LINE#         42
  C:0FF8H         LINE#         43
  C:0FFBH         LINE#         48
  C:0FFEH         LINE#         49
  C:1001H         LINE#         50
  C:1004H         LINE#         53
  C:1007H         LINE#         54
  C:100AH         LINE#         62
  C:100DH         LINE#         63
  C:1010H         LINE#         64
  C:1013H         LINE#         68
  C:1016H         LINE#         70
  C:1019H         LINE#         72
  C:101BH         LINE#         74
  C:101DH         LINE#         75
  -------         ENDPROC       PIN_CONFIG
  -------         ENDMOD        PIN_CONFIG

  -------         MODULE        ?C?FPDIV
  C:0021H         PUBLIC        ?C?FPDIV
  -------         ENDMOD        ?C?FPDIV

  -------         MODULE        ?C?FCAST
BL51 BANKED LINKER/LOCATER V6.22            02/27/2023  16:10:32  PAGE 18


  C:00C8H         PUBLIC        ?C?FCASTC
  C:00C3H         PUBLIC        ?C?FCASTI
  C:00BEH         PUBLIC        ?C?FCASTL
  -------         ENDMOD        ?C?FCAST

  -------         MODULE        ?C?CASTF
  C:00FCH         PUBLIC        ?C?CASTF
  -------         ENDMOD        ?C?CASTF

  -------         MODULE        ?C?COPY
  C:024DH         PUBLIC        ?C?COPY
  -------         ENDMOD        ?C?COPY

  -------         MODULE        ?C?CLDPTR
  C:0273H         PUBLIC        ?C?CLDPTR
  -------         ENDMOD        ?C?CLDPTR

  -------         MODULE        ?C?UIDIV
  C:028CH         PUBLIC        ?C?UIDIV
  -------         ENDMOD        ?C?UIDIV

  -------         MODULE        ?C?ILDIX
  C:02E1H         PUBLIC        ?C?ILDIX
  -------         ENDMOD        ?C?ILDIX

  -------         MODULE        ?C?ILDOPTR
  C:02F7H         PUBLIC        ?C?ILDOPTR
  -------         ENDMOD        ?C?ILDOPTR

  -------         MODULE        ?C?LNEG
  C:032FH         PUBLIC        ?C?LNEG
  -------         ENDMOD        ?C?LNEG

  -------         MODULE        ?C?SLCMP
  C:033DH         PUBLIC        ?C?SLCMP
  -------         ENDMOD        ?C?SLCMP

  -------         MODULE        ?C?LSTXDATA
  C:0353H         PUBLIC        ?C?LSTXDATA
  -------         ENDMOD        ?C?LSTXDATA

*** WARNING L16: UNCALLED SEGMENT, IGNORED FOR OVERLAY PROCESS
    SEGMENT: ?PR?_DISPLAYCHINESE?LCD_12864

*** WARNING L16: UNCALLED SEGMENT, IGNORED FOR OVERLAY PROCESS
    SEGMENT: ?PR?_LCDDISPLAY12864?LCD_12864

*** WARNING L16: UNCALLED SEGMENT, IGNORED FOR OVERLAY PROCESS
    SEGMENT: ?PR?_GETIRDISTANCE?SENSOR_AD

Program Size: data=9.2 xdata=82 code=4444
LINK/LOCATE RUN COMPLETE.  3 WARNING(S),  0 ERROR(S)
