C51 COMPILER V9.56.0.0   SYSTEMINIT                                                        02/27/2023 16:10:32 PAGE 1   


C51 COMPILER V9.56.0.0, COMPILATION OF MODULE SYSTEMINIT
OBJECT MODULE PLACED IN SystemInit.OBJ
COMPILER INVOKED BY: D:\Keil\C51\BIN\C51.exe SystemInit.c DB OE BR LARGE INCDIR(E:\Study Soft\silicon\Inc;c:\SiLabs\MCU\
                    -Inc)

line level    source

   1          
   2          
   3          /*********************************************************************************************************
             -*
   4          **** 文件名：SystemInit.c
   5          ****
   6          **** 文件描述：初始化函数集,延时函数
   7          ****
   8          **** 
   9          **** 创建人：Fei Chen
  10          ****
  11          **** 版本号：1.0
  12          **** 
  13          **** 修改记录：
  14          ****
  15          ****
  16          **********************************************************************************************************
             -*/
  17          
  18          //-----------------------------------------------------------------------------
  19          // 包含文件
  20          //-----------------------------------------------------------------------------
  21          
  22          #include "SystemInit.h"
*** WARNING C318 IN LINE 8 OF SystemInit.h: can't open file 'Sound.h'
  23          
  24          /*************************************************************************************************
  25          *****
  26          ***** 函数名：void SystemInit()
  27          *****
  28          ***** 入口参数：空
  29          *****
  30          *****
  31          ***** 功能描述：初始化函数，包含关闭看门狗定时器，开总中断，内部晶振初始化，SYN6288语音模块初始化，
  32          *****           SMBus(I2C兼容)总线初始化，ADC模块初始化，PWM电机模块初始化，LCD12864显示模块初始化，
  33          *****           外部中断初始化。
  34          *****
  35          *****
  36          ***** 返回值：无
  37          *****
  38          ***** 作者：FeiChen
  39          **************************************************************************************************/
  40          
  41          void SystemInit()
  42          {
  43   1      
  44   1              InternalCrystalInit();  //内部晶振初始化
  45   1              
  46   1              Pin_Config();
  47   1      
  48   1              PWM_Init();                     //PWM电机驱动模块初始化 
  49   1      
  50   1              ADC_Init();             //AD转换初始化
  51   1              
C51 COMPILER V9.56.0.0   SYSTEMINIT                                                        02/27/2023 16:10:32 PAGE 2   

  52   1              Delay(50000);           //延时等待初始化完成
  53   1              
  54   1              LCD12864_Init();                //LCD12864模块初始化
  55   1      
  56   1              Delay(10000);
  57   1              
  58   1      }
  59          
  60          /*************************************************************************************************
  61          *****系统时钟初始化
  62          **************************************************************************************************/
  63          void InternalCrystalInit()
  64          {
  65   1              unsigned char SFRPAGE_save = SFRPAGE; 
  66   1              
  67   1              SFRPAGE = CONFIG_PAGE;
  68   1      
  69   1              OSCICN |= 0x83;    //选择内部时钟，四分频
  70   1              
  71   1              RSTSRC = 0x04;     //丢失时钟检测
  72   1      
  73   1              SFRPAGE = SFRPAGE_save;                         
  74   1      }
  75          
  76          /*
  77          **延时函数
  78          */
  79          void Delay(unsigned int no)
  80          {
  81   1      
  82   1                      for(; no>0; no--);
  83   1      
  84   1      }


MODULE INFORMATION:   STATIC OVERLAYABLE
   CODE SIZE        =     60    ----
   CONSTANT SIZE    =   ----    ----
   XDATA SIZE       =   ----    ----
   PDATA SIZE       =   ----    ----
   DATA SIZE        =   ----    ----
   IDATA SIZE       =   ----    ----
   BIT SIZE         =   ----    ----
END OF MODULE INFORMATION.


C51 COMPILATION COMPLETE.  1 WARNING(S),  0 ERROR(S)
